Enter password: *****
Welcome to the MySQL monitor.  Commands end with ; or \g.
Your MySQL connection id is 14
Server version: 5.7.17-log MySQL Community Server (GPL)

Copyright (c) 2000, 2016, Oracle and/or its affiliates. All rights reserved.

Oracle is a registered trademark of Oracle Corporation and/or its
affiliates. Other names may be trademarks of their respective
owners.

Type 'help;' or '\h' for help. Type '\c' to clear the current input statement.

mysql> show databases;
+--------------------+
| Database           |
+--------------------+
| information_schema |
| li_0601            |
| mysql              |
| performance_schema |
| student            |
| sys                |
+--------------------+
6 rows in set (0.00 sec)

mysql> dorp li_0601;
ERROR 1064 (42000): You have an error in your SQL syntax; check the manual that corresponds to your MySQL server version for the right syntax to use near 'dorp li_0601' at line 1
mysql> create li_0602;
ERROR 1064 (42000): You have an error in your SQL syntax; check the manual that corresponds to your MySQL server version for the right syntax to use near 'li_0602' at line 1
mysql> create database li_0602;
Query OK, 1 row affected (0.00 sec)

mysql> drop database li_0601;
Query OK, 0 rows affected (0.03 sec)

mysql> show databases;
+--------------------+
| Database           |
+--------------------+
| information_schema |
| li_0602            |
| mysql              |
| performance_schema |
| student            |
| sys                |
+--------------------+
6 rows in set (0.00 sec)

mysql> use database li_0602;
ERROR 1049 (42000): Unknown database 'database'
mysql> use li_0602;
Database changed
mysql> drop database li_0602;
Query OK, 0 rows affected (0.00 sec)

mysql> CREATE DATABASE li_0602 CHARSET utf8mb4;
Query OK, 1 row affected (0.00 sec)

mysql> use li_0602;
Database changed
mysql> CREATE TABLE Student (
    -> id int,
    -> name varchar(20) comment '姓名',
    -> age int,
    -> sex char(1),
    -> brief varchar(200)
    -> );
Query OK, 0 rows affected (0.02 sec)

mysql> show tables;
+-------------------+
| Tables_in_li_0602 |
+-------------------+
| student           |
+-------------------+
1 row in set (0.00 sec)

mysql> show create table student;
+---------+---------------------------------------------------------------------------------------------------------------------------------------------------------------------------------------------------------------------------------------------------+
| Table   | Create Table                                                                                                                                                                                                                                      |
+---------+---------------------------------------------------------------------------------------------------------------------------------------------------------------------------------------------------------------------------------------------------+
| student | CREATE TABLE `student` (
  `id` int(11) DEFAULT NULL,
  `name` varchar(20) DEFAULT NULL COMMENT '姓名',
  `age` int(11) DEFAULT NULL,
  `sex` char(1) DEFAULT NULL,
  `brief` varchar(200) DEFAULT NULL
) ENGINE=InnoDB DEFAULT CHARSET=utf8mb4   |
+---------+---------------------------------------------------------------------------------------------------------------------------------------------------------------------------------------------------------------------------------------------------+
1 row in set (0.01 sec)

mysql> CREATE TABLE STUDENT (
    -> id int,
    -> sn int comment "学号",
    -> name varchar(20) comment "姓名",
    -> qq_mail varchar(20) comment "QQ邮箱"
    -> );
ERROR 1050 (42S01): Table 'student' already exists
mysql> CREATE TABLE STUDENTS (
    -> id int,
    -> sn int comment "学号",
    -> name varchar(20) comment "姓名",
    -> qq_mail varchar(20) comment "QQ邮箱"
    -> );
Query OK, 0 rows affected (0.02 sec)

mysql> INSERT INTO STUDENTS VALUES (100,1000,"李四",null);
Query OK, 1 row affected (0.01 sec)

mysql> INSERT INTO STUDENTS VALUES (101,1001,"张三",null);
Query OK, 1 row affected (0.01 sec)

mysql> INSERT INTO STUDENTS VALUES (102,1002,"王五","wangwu@qq.com");
Query OK, 1 row affected (0.01 sec)

mysql> INSERT INTO STUDENTS (id,name,sn) VALUES (104,1004,"钱七","qianqi@136.com");
ERROR 1136 (21S01): Column count doesn't match value count at row 1
mysql> INSERT INTO STUDENTS (id,name,sn) VALUES (104,"钱七",1004);
Query OK, 1 row affected (0.01 sec)

mysql> SELECT * FROM STUDENTS;
+------+------+--------+---------------+
| id   | sn   | name   | qq_mail       |
+------+------+--------+---------------+
|  100 | 1000 | 李四   | NULL          |
|  101 | 1001 | 张三   | NULL          |
|  102 | 1002 | 王五   | wangwu@qq.com |
|  104 | 1004 | 钱七   | NULL          |
+------+------+--------+---------------+
4 rows in set (0.00 sec)

mysql> desc users;
ERROR 1146 (42S02): Table 'li_0602.users' doesn't exist
mysql> desc STUDENTS;
+---------+-------------+------+-----+---------+-------+
| Field   | Type        | Null | Key | Default | Extra |
+---------+-------------+------+-----+---------+-------+
| id      | int(11)     | YES  |     | NULL    |       |
| sn      | int(11)     | YES  |     | NULL    |       |
| name    | varchar(20) | YES  |     | NULL    |       |
| qq_mail | varchar(20) | YES  |     | NULL    |       |
+---------+-------------+------+-----+---------+-------+
4 rows in set (0.00 sec)

mysql> CREATE TABLE STU_TEST (
    -> id int,
    -> name varchar(20) comment "姓名",
    -> password varchar(50) comment "密码",
    -> age int,
    -> sex char(1),
    -> birthday timestamp,
    -> amout decimal(13,2),
    -> resume text
    -> );
Query OK, 0 rows affected (0.02 sec)

mysql> show STU_TEST;
ERROR 1064 (42000): You have an error in your SQL syntax; check the manual that corresponds to your MySQL server version for the right syntax to use near 'STU_TEST' at line 1
mysql> show tables;
+-------------------+
| Tables_in_li_0602 |
+-------------------+
| stu_test          |
| student           |
| students          |
+-------------------+
3 rows in set (0.00 sec)

mysql> create table if not exists goods(
    -> goods_id int comment "编号",
    -> goods_name varchar(32) "名称",
    -> unitprice int comment "单价",
    -> category varchar(12) comment "分类",
    -> provider varchar(64) comment "供应商"
    -> );
ERROR 1064 (42000): You have an error in your SQL syntax; check the manual that corresponds to your MySQL server version for the right syntax to use near '"名称",
unitprice int comment "单价",
category varchar(12) comment "分类",' at line 3
mysql> create table if not exists goods(
    -> goods_id int comment "编号",
    -> goods_name varchar(32) "名称",
    -> unitprice int comment "单价",
    -> category varchar(12) comment "分类",
    -> provider varchar(64) comment "供应商"
    -> );
ERROR 1064 (42000): You have an error in your SQL syntax; check the manual that corresponds to your MySQL server version for the right syntax to use near '"名称",
unitprice int comment "单价",
category varchar(12) comment "分类",' at line 3
mysql> create table if not exists goods(
    -> goods_id int comment "编号",
    -> goods_name varchar(32) "名称",
    -> unitprice int comment "单价",
    -> category varchar(12) comment "分类",
    -> provider varchar(64) comment "供应商"
    -> );
ERROR 1064 (42000): You have an error in your SQL syntax; check the manual that corresponds to your MySQL server version for the right syntax to use near '"名称",
unitprice int comment "单价",
category varchar(12) comment "分类",' at line 3
mysql> create table if not exists goods(
    -> goods_id int comment "编号",
    -> goods_name varchar(32) comment "名称",
    -> unitprice int comment "单价",
    -> category varchar(12) comment "分类",
    -> provider varchar(64) comment "供应商"
    -> );
Query OK, 0 rows affected (0.02 sec)

mysql> create table if not exists customer (
    -> customer_id int comment "顾客编号",
    -> name varchar(20) comment "顾客姓名",
    -> address varchar(50) comment "顾客地址",
    -> email varchar(30) comment "电子邮箱",
    -> sex bit comment "性别",
    -> card_id varchar(18) comment "身份证"
    -> );
Query OK, 0 rows affected (0.02 sec)

mysql> create table if not exists purchase (
    -> order_id int comment "订单号",
    -> customer_id int comment "客户编号",
    -> goods_id int comment "商品编号",
    -> nums int comment "购买数量"
    -> );
Query OK, 0 rows affected (0.02 sec)

mysql> show tables;
+-------------------+
| Tables_in_li_0602 |
+-------------------+
| customer          |
| goods             |
| purchase          |
| stu_test          |
| student           |
| students          |
+-------------------+
6 rows in set (0.00 sec)

mysql> show goods;
ERROR 1064 (42000): You have an error in your SQL syntax; check the manual that corresponds to your MySQL server version for the right syntax to use near 'goods' at line 1
mysql> show create table goods;
+-------+-----------------------------------------------------------------------------------------------------------------------------------------------------------------------------------------------------------------------------------------------------------------------------------------------------------------------------------------------------+
| Table | Create Table                                                                                                                                                                                                                                                                                                                                        |
+-------+-----------------------------------------------------------------------------------------------------------------------------------------------------------------------------------------------------------------------------------------------------------------------------------------------------------------------------------------------------+
| goods | CREATE TABLE `goods` (
  `goods_id` int(11) DEFAULT NULL COMMENT '编号',
  `goods_name` varchar(32) DEFAULT NULL COMMENT '名称',
  `unitprice` int(11) DEFAULT NULL COMMENT '单价',
  `category` varchar(12) DEFAULT NULL COMMENT '分类',
  `provider` varchar(64) DEFAULT NULL COMMENT '供应商'
) ENGINE=InnoDB DEFAULT CHARSET=utf8mb4            |
+-------+-----------------------------------------------------------------------------------------------------------------------------------------------------------------------------------------------------------------------------------------------------------------------------------------------------------------------------------------------------+
1 row in set (0.00 sec)

mysql>